    play music music_list["a_promise_from_distant_days"]
    play music music_list["a_promise_from_distant_days_v2"]
    play music music_list["afterword"]
    play music music_list["always_ready"]
    play music music_list["awakening_power"]
    play music music_list["blow_with_the_fires"]
    play music music_list["confession_oboe"]
    play music music_list["dance_of_fireflies"]
    play music music_list["doomed_to_be_defeated"]
    play music music_list["door_to_nightmare"]
    play music music_list["drown"]
    play music music_list["eat_some_trouble"]
    play music music_list["eternal_longing"]
    play music music_list["everlasting_summer"]
    play music music_list["everyday_theme"]
    play music music_list["faceless"]
    play music music_list["farewell_to_the_past_edit"]
    play music music_list["farewell_to_the_past_full"]
    play music music_list["forest_maiden"]
    play music music_list["gentle_predator"]
    play music music_list["get_to_know_me_better"]
    play music music_list["glimmering_coals"]
    play music music_list["goodbye_home_shores"]
    play music music_list["heather"]
    play music music_list["i_dont_blame_you"]
    play music music_list["i_want_to_play"]
    play music music_list["into_the_unknown"]
    play music music_list["just_think"]
    play music music_list["kostry"]
    play music music_list["lets_be_friends"]
    play music music_list["lightness"]
    play music music_list["lightness_radio_bus"]
    play music music_list["meet_me_there"]
    play music music_list["memories"]
    play music music_list["memories_piano_outdoors"]
    play music music_list["miku_song_voice"]
    play music music_list["my_daily_life"]
    play music music_list["mystery_girl_v2"]
    play music music_list["no_tresspassing"]
    play music music_list["opening"]
    play music music_list["orchid"]
    play music music_list["pile"]
    play music music_list["raindrops"]
    play music music_list["reflection_on_water"]
    play music music_list["revenga"]
    play music music_list["scarytale"]
    play music music_list["she_is_kind"]
    play music music_list["silhouette_in_sunset"]
    play music music_list["smooth_machine"]
    play music music_list["so_good_to_be_careless"]
    play music music_list["sparkles"]
    play music music_list["sunny_day"]
    play music music_list["sweet_darkness"]
    play music music_list["take_me_beautifully"]
    play music music_list["that_s_our_madhouse"]
    play music music_list["timid_girl"]
    play music music_list["torture"]
    play music music_list["trapped_in_dreams"]
    play music music_list["tried_to_bring_it_back"]
    play music music_list["two_glasses_of_melancholy"]
    play music music_list["waltz_of_doubts"]
    play music music_list["went_fishing_caught_a_girl"]
    play music music_list["what_do_you_think_of_me"]
    play music music_list["you_lost_me"]
    play music music_list["you_won_t_let_me_down"]
    play music music_list["your_bright_side"]
