    scene bg black
    scene bg bus_stop
    scene bg ext_aidpost_day
    scene bg ext_aidpost_night
    scene bg ext_aidpost_sunset
    scene bg ext_bathhouse_night
    scene bg ext_beach_day
    scene bg ext_beach_night
    scene bg ext_beach_sunset
    scene bg ext_boathouse_day
    scene bg ext_boathouse_night
    scene bg ext_boathouse_sunset
    scene bg ext_bus
    scene bg ext_bus_night
    scene bg ext_camp_entrance_day
    scene bg ext_camp_entrance_night
    scene bg ext_camp_entrance_sunset
    scene bg ext_clubs_day
    scene bg ext_clubs_night
    scene bg ext_clubs_sunset
    scene bg ext_dining_hall_away_day
    scene bg ext_dining_hall_away_night
    scene bg ext_dining_hall_away_sunset
    scene bg ext_dining_hall_near_day
    scene bg ext_dining_hall_near_night
    scene bg ext_dining_hall_near_sunset
    scene bg ext_house_of_dv_day
    scene bg ext_house_of_dv_night
    scene bg ext_house_of_el_day
    scene bg ext_house_of_mt_day
    scene bg ext_house_of_mt_night
    scene bg ext_house_of_mt_night_without_light
    scene bg ext_house_of_mt_sunset
    scene bg ext_house_of_sl_day
    scene bg ext_house_of_un_day
    scene bg ext_houses_day
    scene bg ext_houses_sunset
    scene bg ext_island_day
    scene bg ext_island_night
    scene bg ext_library_day
    scene bg ext_library_night
    scene bg ext_library_sunset
    scene bg ext_musclub_day
    scene bg ext_no_bus
    scene bg ext_no_bus_night
    scene bg ext_no_bus_sunset
    scene bg ext_old_building_night
    scene bg ext_old_building_night_moonlight
    scene bg ext_path_day
    scene bg ext_path_night
    scene bg ext_path_sunset
    scene bg ext_path2_day
    scene bg ext_path2_night
    scene bg ext_playground_day
    scene bg ext_playground_night
    scene bg ext_playground_sunset
    scene bg ext_polyana_day
    scene bg ext_polyana_night
    scene bg ext_polyana_sunset
    scene bg ext_road_day
    scene bg ext_road_night
    scene bg ext_road_night2
    scene bg ext_road_sunset
    scene bg ext_square_day
    scene bg ext_square_day_city
    scene bg ext_square_night
    scene bg ext_square_night_flash
    scene bg ext_square_night_party
    scene bg ext_square_night_party2
    scene bg ext_square_sunset
    scene bg ext_stage_big_day
    scene bg ext_stage_big_night
    scene bg ext_stage_normal_day
    scene bg ext_stage_normal_night
    scene bg ext_washstand_day
    scene bg ext_washstand2_day
    scene bg int_aidpost_day
    scene bg int_aidpost_night
    scene bg int_bus
    scene bg int_bus_night
    scene bg int_bus_people_day
    scene bg int_bus_people_night
    scene bg int_catacombs_door
    scene bg int_catacombs_entrance
    scene bg int_catacombs_hole
    scene bg int_catacombs_living
    scene bg int_catacombs_living_nodoor
    scene bg int_clubs_male_day
    scene bg int_clubs_male_sunset
    scene bg int_clubs_male2_night
    scene bg int_clubs_male2_night_nolight
    scene bg int_dining_hall_day
    scene bg int_dining_hall_night
    scene bg int_dining_hall_people_day
    scene bg int_dining_hall_sunset
    scene bg int_house_of_dv_day
    scene bg int_house_of_dv_night
    scene bg int_house_of_mt_day
    scene bg int_house_of_mt_night
    scene bg int_house_of_mt_night2
    scene bg int_house_of_mt_noitem_day
    scene bg int_house_of_mt_noitem_night
    scene bg int_house_of_mt_sunset
    scene bg int_house_of_sl_day
    scene bg int_house_of_un_day
    scene bg int_house_of_un_night
    scene bg int_liaz
    scene bg int_library_day
    scene bg int_library_night
    scene bg int_library_night2
    scene bg int_mine
    scene bg int_mine_coalface
    scene bg int_mine_crossroad
    scene bg int_mine_door
    scene bg int_mine_exit
    scene bg int_mine_halt
    scene bg int_mine_room
    scene bg int_musclub_day
    scene bg int_old_building_night
    scene bg intro_xx
    scene bg semen_room
    scene bg semen_room_window
    scene bg white
